// Jest Snapshot v1, https://goo.gl/fbAQLP

exports[`Calculator component test Renders 1`] = `
Object {
  "asFragment": [Function],
  "baseElement": <body>
    <div>
      <div
        class="calculator-wrapper"
      >
        <h2>
          Lets do some Math
        </h2>
        <div
          class="calculator"
        >
          <header>
            <p
              class="result"
            >
              0
            </p>
          </header>
          <section
            class="buttons"
          >
            <table>
              <tbody>
                <tr>
                  <td
                    role="presentation"
                  >
                    AC
                  </td>
                  <td
                    role="presentation"
                  >
                    +/-
                  </td>
                  <td
                    role="presentation"
                  >
                    %
                  </td>
                  <td
                    class="signs"
                    role="presentation"
                  >
                    รท
                  </td>
                </tr>
                <tr>
                  <td
                    role="presentation"
                  >
                    7
                  </td>
                  <td
                    role="presentation"
                  >
                    8
                  </td>
                  <td
                    role="presentation"
                  >
                    9
                  </td>
                  <td
                    class="signs"
                    role="presentation"
                  >
                    x
                  </td>
                </tr>
                <tr>
                  <td
                    role="presentation"
                  >
                    4
                  </td>
                  <td
                    role="presentation"
                  >
                    5
                  </td>
                  <td
                    role="presentation"
                  >
                    6
                  </td>
                  <td
                    class="signs"
                    role="presentation"
                  >
                    -
                  </td>
                </tr>
                <tr>
                  <td
                    role="presentation"
                  >
                    1
                  </td>
                  <td
                    role="presentation"
                  >
                    2
                  </td>
                  <td
                    role="presentation"
                  >
                    3
                  </td>
                  <td
                    class="signs"
                    role="presentation"
                  >
                    +
                  </td>
                </tr>
                <tr>
                  <td
                    class="double-sized"
                    role="presentation"
                  >
                    0
                  </td>
                  <td
                    role="presentation"
                  >
                    .
                  </td>
                  <td
                    class="signs"
                    role="presentation"
                  >
                    =
                  </td>
                </tr>
              </tbody>
            </table>
          </section>
        </div>
      </div>
    </div>
  </body>,
  "container": <div>
    <div
      class="calculator-wrapper"
    >
      <h2>
        Lets do some Math
      </h2>
      <div
        class="calculator"
      >
        <header>
          <p
            class="result"
          >
            0
          </p>
        </header>
        <section
          class="buttons"
        >
          <table>
            <tbody>
              <tr>
                <td
                  role="presentation"
                >
                  AC
                </td>
                <td
                  role="presentation"
                >
                  +/-
                </td>
                <td
                  role="presentation"
                >
                  %
                </td>
                <td
                  class="signs"
                  role="presentation"
                >
                  รท
                </td>
              </tr>
              <tr>
                <td
                  role="presentation"
                >
                  7
                </td>
                <td
                  role="presentation"
                >
                  8
                </td>
                <td
                  role="presentation"
                >
                  9
                </td>
                <td
                  class="signs"
                  role="presentation"
                >
                  x
                </td>
              </tr>
              <tr>
                <td
                  role="presentation"
                >
                  4
                </td>
                <td
                  role="presentation"
                >
                  5
                </td>
                <td
                  role="presentation"
                >
                  6
                </td>
                <td
                  class="signs"
                  role="presentation"
                >
                  -
                </td>
              </tr>
              <tr>
                <td
                  role="presentation"
                >
                  1
                </td>
                <td
                  role="presentation"
                >
                  2
                </td>
                <td
                  role="presentation"
                >
                  3
                </td>
                <td
                  class="signs"
                  role="presentation"
                >
                  +
                </td>
              </tr>
              <tr>
                <td
                  class="double-sized"
                  role="presentation"
                >
                  0
                </td>
                <td
                  role="presentation"
                >
                  .
                </td>
                <td
                  class="signs"
                  role="presentation"
                >
                  =
                </td>
              </tr>
            </tbody>
          </table>
        </section>
      </div>
    </div>
  </div>,
  "debug": [Function],
  "findAllByAltText": [Function],
  "findAllByDisplayValue": [Function],
  "findAllByLabelText": [Function],
  "findAllByPlaceholderText": [Function],
  "findAllByRole": [Function],
  "findAllByTestId": [Function],
  "findAllByText": [Function],
  "findAllByTitle": [Function],
  "findByAltText": [Function],
  "findByDisplayValue": [Function],
  "findByLabelText": [Function],
  "findByPlaceholderText": [Function],
  "findByRole": [Function],
  "findByTestId": [Function],
  "findByText": [Function],
  "findByTitle": [Function],
  "getAllByAltText": [Function],
  "getAllByDisplayValue": [Function],
  "getAllByLabelText": [Function],
  "getAllByPlaceholderText": [Function],
  "getAllByRole": [Function],
  "getAllByTestId": [Function],
  "getAllByText": [Function],
  "getAllByTitle": [Function],
  "getByAltText": [Function],
  "getByDisplayValue": [Function],
  "getByLabelText": [Function],
  "getByPlaceholderText": [Function],
  "getByRole": [Function],
  "getByTestId": [Function],
  "getByText": [Function],
  "getByTitle": [Function],
  "queryAllByAltText": [Function],
  "queryAllByDisplayValue": [Function],
  "queryAllByLabelText": [Function],
  "queryAllByPlaceholderText": [Function],
  "queryAllByRole": [Function],
  "queryAllByTestId": [Function],
  "queryAllByText": [Function],
  "queryAllByTitle": [Function],
  "queryByAltText": [Function],
  "queryByDisplayValue": [Function],
  "queryByLabelText": [Function],
  "queryByPlaceholderText": [Function],
  "queryByRole": [Function],
  "queryByTestId": [Function],
  "queryByText": [Function],
  "queryByTitle": [Function],
  "rerender": [Function],
  "unmount": [Function],
}
`;
